
> eva-ops@0.1.0 test
> vitest run


[1m[7m[36m RUN [39m[27m[22m [36mv2.1.9 [39m[90mC:/Users/marco/dev/eva-ops[39m

 [31mΓ¥»[39m src/__tests__/instrumentedOpsServer.test.ts [2m([22m[2m2 tests[22m[2m | [22m[31m1 failed[39m[2m)[22m[90m 61[2mms[22m[39m
[31m   [31m├ù[31m records 404 route metrics[90m 13[2mms[22m[31m[39m
[31m     ΓåÆ Cannot read properties of undefined (reading 'path')[39m
 [31mΓ¥»[39m src/__tests__/opsRoutesDemo.test.ts [2m([22m[2m7 tests[22m[2m | [22m[31m1 failed[39m[2m)[22m[90m 86[2mms[22m[39m
[31m   [31m├ù[31m POST /ops/batch cancel jobA succeeds[90m 21[2mms[22m[31m[39m
[31m     ΓåÆ expected 0 to be greater than 0[39m
 [31mΓ¥»[39m src/__tests__/opsRoutesRequeueEdge.test.ts [2m([22m[2m2 tests[22m[2m | [22m[31m1 failed[39m[2m)[22m[33m 364[2mms[22m[39m
[31m   [31m├ù[31m requeue fails if job not terminal[90m 41[2mms[22m[31m[39m
[31m     ΓåÆ expected 200 to be 400 // Object.is equality[39m
   [33m[2mΓ£ô[22m[39m after success, can requeue [33m316[2mms[22m[39m
 [32mΓ£ô[39m src/__tests__/batchScheduler-metrics-persist.test.ts [2m([22m[2m1 test[22m[2m)[22m[33m 424[2mms[22m[39m
   [33m[2mΓ£ô[22m[39m BatchScheduler metrics & persistence[2m > [22mrecords start/success metrics and recovers queued jobs [33m423[2mms[22m[39m
 [31mΓ¥»[39m src/__tests__/diagnostics-extended.test.ts [2m([22m[2m1 test[22m[2m | [22m[31m1 failed[39m[2m)[22m[90m 11[2mms[22m[39m
[31m   [31m├ù[31m Diagnostics extended snapshot[2m > [22mincludes batch and hash fields[90m 10[2mms[22m[31m[39m
[31m     ΓåÆ expected 0 to be greater than or equal to 1[39m
 [31mΓ¥»[39m src/__tests__/opsRoutesRequeue.test.ts [2m([22m[2m1 test[22m[2m | [22m[31m1 failed[39m[2m)[22m[33m 770[2mms[22m[39m
[31m   [31m├ù[31m Failed job can be requeued with higher priority[33m 764[2mms[22m[31m[39m
[31m     ΓåÆ expected false to be true // Object.is equality[39m
 [32mΓ£ô[39m src/__tests__/featureFlags-advanced.test.ts [2m([22m[2m3 tests[22m[2m)[22m[90m 3[2mms[22m[39m
 [32mΓ£ô[39m src/__tests__/diagnostics.test.ts [2m([22m[2m1 test[22m[2m)[22m[90m 5[2mms[22m[39m
 [32mΓ£ô[39m src/__tests__/batchPersistence.test.ts [2m([22m[2m3 tests[22m[2m)[22m[90m 7[2mms[22m[39m
 [32mΓ£ô[39m src/__tests__/rag_ingestion_safety.test.ts [2m([22m[2m1 test[22m[2m)[22m[33m 1516[2mms[22m[39m
   [33m[2mΓ£ô[22m[39m RAG ingestion safety gate[2m > [22mblocks unsafe doc [33m1515[2mms[22m[39m
 [31mΓ¥»[39m src/__tests__/rag_ingestion_rollback.test.ts [2m([22m[2m1 test[22m[2m | [22m[31m1 failed[39m[2m)[22m[33m 1522[2mms[22m[39m
[31m   [31m├ù[31m RAG ingestion rollback[2m > [22mtriggers rollback on index phase failure[33m 1521[2mms[22m[31m[39m
[31m     ΓåÆ expected 0 to be greater than 0[39m
 [32mΓ£ô[39m src/__tests__/rag_ingestion_cost.test.ts [2m([22m[2m1 test[22m[2m)[22m[33m 1610[2mms[22m[39m
   [33m[2mΓ£ô[22m[39m RAG ingestion cost accounting[2m > [22mrecords embedding cost metric [33m1609[2mms[22m[39m
 [32mΓ£ô[39m src/__tests__/policies_enforcement.test.ts [2m([22m[2m3 tests[22m[2m)[22m[90m 3[2mms[22m[39m
 [31mΓ¥»[39m src/__tests__/batchScheduler.test.ts [2m([22m[2m4 tests[22m[2m | [22m[31m1 failed[39m[2m)[22m[33m 1863[2mms[22m[39m
   [33m[2mΓ£ô[22m[39m BatchScheduler basic flow[2m > [22mruns dependency chain in order [33m806[2mms[22m[39m
[31m   [31m├ù[31m BatchScheduler retry and failure path[2m > [22mretries until maxRetries then fails[90m 224[2mms[22m[31m[39m
[31m     ΓåÆ expected undefined to be truthy[39m
   [33m[2mΓ£ô[22m[39m BatchScheduler aging and hold/release[2m > [22mraises priority via aging and respects hold/release [33m724[2mms[22m[39m
 [32mΓ£ô[39m src/__tests__/batchSchedulerHooks.test.ts [2m([22m[2m1 test[22m[2m)[22m[90m 217[2mms[22m[39m
 [31mΓ¥»[39m src/__tests__/batchScheduler-requeue-customComparator.test.ts [2m([22m[2m1 test[22m[2m | [22m[31m1 failed[39m[2m)[22m[33m 641[2mms[22m[39m
[31m   [31m├ù[31m BatchScheduler requeue & custom comparator[2m > [22mrequeues failed job and uses custom comparator[33m 640[2mms[22m[31m[39m
[31m     ΓåÆ expected false to be true // Object.is equality[39m
 [32mΓ£ô[39m src/__tests__/rag_ingestion_evaluation.test.ts [2m([22m[2m1 test[22m[2m)[22m[33m 1516[2mms[22m[39m
   [33m[2mΓ£ô[22m[39m RAG ingestion evaluation[2m > [22mproduces evaluation metrics [33m1515[2mms[22m[39m
 [31mΓ¥»[39m src/__tests__/batchScheduler-persistence-recovery.test.ts [2m([22m[2m1 test[22m[2m | [22m[31m1 failed[39m[2m)[22m[90m 11[2mms[22m[39m
[31m   [31m├ù[31m BatchScheduler recovery[2m > [22mrecovers unfinished jobs as queued[90m 9[2mms[22m[31m[39m
[31m     ΓåÆ Cannot hold job in status running[39m
 [32mΓ£ô[39m src/__tests__/batchApi.test.ts [2m([22m[2m1 test[22m[2m)[22m[90m 5[2mms[22m[39m
 [32mΓ£ô[39m src/__tests__/cronParser.test.ts [2m([22m[2m4 tests[22m[2m)[22m[90m 8[2mms[22m[39m
 [32mΓ£ô[39m src/__tests__/rag_ingestion_tenant_isolation.test.ts [2m([22m[2m1 test[22m[2m)[22m[33m 1509[2mms[22m[39m
   [33m[2mΓ£ô[22m[39m RAG ingestion multi-tenant isolation[2m > [22mprocesses tenants independently [33m1508[2mms[22m[39m
 [32mΓ£ô[39m src/__tests__/backoff.test.ts [2m([22m[2m4 tests[22m[2m)[22m[90m 4[2mms[22m[39m
 [32mΓ£ô[39m src/__tests__/jobQueue.test.ts [2m([22m[2m2 tests[22m[2m)[22m[90m 86[2mms[22m[39m
 [31mΓ¥»[39m src/__tests__/batchSchedulerLocks.test.ts [2m([22m[2m1 test[22m[2m | [22m[31m1 failed[39m[2m)[22m[33m 317[2mms[22m[39m
[31m   [31m├ù[31m BatchScheduler resource locks[2m > [22mdefers job when resource tag locked by running job[33m 315[2mms[22m[31m[39m
[31m     ΓåÆ expected false to be true // Object.is equality[39m
 [32mΓ£ô[39m src/__tests__/batchScheduler-timewindow.test.ts [2m([22m[2m1 test[22m[2m)[22m[33m 319[2mms[22m[39m
   [33m[2mΓ£ô[22m[39m BatchScheduler time window gating[2m > [22mprevents execution outside window then allows inside [33m317[2mms[22m[39m
 [32mΓ£ô[39m src/__tests__/rollback_multi_phase.test.ts [2m([22m[2m2 tests[22m[2m)[22m[90m 4[2mms[22m[39m
 [32mΓ£ô[39m src/__tests__/logger.test.ts [2m([22m[2m2 tests[22m[2m)[22m[90m 6[2mms[22m[39m
 [32mΓ£ô[39m src/__tests__/batchScheduler-retry-jitter.test.ts [2m([22m[2m1 test[22m[2m)[22m[90m 207[2mms[22m[39m
 [32mΓ£ô[39m src/__tests__/batchSchedulerCancelFail.test.ts [2m([22m[2m1 test[22m[2m)[22m[90m 5[2mms[22m[39m
 [32mΓ£ô[39m src/__tests__/rag_ingestion_incremental.test.ts [2m([22m[2m1 test[22m[2m)[22m[33m 3028[2mms[22m[39m
   [33m[2mΓ£ô[22m[39m RAG ingestion incremental diff[2m > [22mskips unchanged docs on second ingestion [33m3026[2mms[22m[39m
 [31mΓ¥»[39m src/__tests__/circuitBreaker.test.ts [2m([22m[2m1 test[22m[2m | [22m[31m1 failed[39m[2m)[22m[90m 141[2mms[22m[39m
[31m   [31m├ù[31m CircuitBreaker[2m > [22mopens after threshold and then half-opens[90m 140[2mms[22m[31m[39m
[31m     ΓåÆ Circuit open[39m
 [32mΓ£ô[39m src/__tests__/evaluation_advanced.test.ts [2m([22m[2m1 test[22m[2m)[22m[90m 4[2mms[22m[39m
 [32mΓ£ô[39m src/__tests__/shutdown.test.ts [2m([22m[2m1 test[22m[2m)[22m[90m 8[2mms[22m[39m
 [32mΓ£ô[39m src/__tests__/safety_sanitize_abort.test.ts [2m([22m[2m1 test[22m[2m)[22m[90m 4[2mms[22m[39m
 [32mΓ£ô[39m src/__tests__/incremental_priority.test.ts [2m([22m[2m2 tests[22m[2m)[22m[90m 4[2mms[22m[39m
 [31mΓ¥»[39m src/__tests__/ragIngestionPipeline.test.ts [2m([22m[2m1 test[22m[2m | [22m[31m1 failed[39m[2m)[22m[90m 11[2mms[22m[39m
[31m   [31m├ù[31m RAG ingestion pipeline[2m > [22msubmits phase jobs[90m 9[2mms[22m[31m[39m
[31m     ΓåÆ expected 0 to be greater than 0[39m
 [32mΓ£ô[39m src/__tests__/eventBus.test.ts [2m([22m[2m2 tests[22m[2m)[22m[90m 5[2mms[22m[39m
 [32mΓ£ô[39m src/__tests__/featureFlags.test.ts [2m([22m[2m2 tests[22m[2m)[22m[90m 5[2mms[22m[39m
 [32mΓ£ô[39m src/__tests__/lockManager.test.ts [2m([22m[2m2 tests[22m[2m)[22m[90m 141[2mms[22m[39m
 [32mΓ£ô[39m src/__tests__/tokenBucketLimiter.test.ts [2m([22m[2m2 tests[22m[2m)[22m[90m 6[2mms[22m[39m
 [32mΓ£ô[39m src/__tests__/scheduler.test.ts [2m([22m[2m1 test[22m[2m)[22m[90m 177[2mms[22m[39m
 [32mΓ£ô[39m src/__tests__/auditTrail.test.ts [2m([22m[2m1 test[22m[2m)[22m[90m 6[2mms[22m[39m
 [32mΓ£ô[39m src/__tests__/opsRoutes-metrics.test.ts [2m([22m[2m1 test[22m[2m)[22m[90m 3[2mms[22m[39m
 [32mΓ£ô[39m src/__tests__/config.test.ts [2m([22m[2m2 tests[22m[2m)[22m[90m 3[2mms[22m[39m
 [32mΓ£ô[39m src/__tests__/tracing_spans.test.ts [2m([22m[2m1 test[22m[2m)[22m[90m 3[2mms[22m[39m
 [31mΓ¥»[39m src/__tests__/rag_endpoints.test.ts [2m([22m[2m1 test[22m[2m | [22m[31m1 failed[39m[2m)[22m[33m 15030[2mms[22m[39m
[31m   [31m├ù[31m POST /rag/ingest and GET status[33m 5015[2mms[22m[31m[39m
[31m     ΓåÆ Test timed out in 5000ms.
If this is a long-running test, pass a timeout value as the last argument or configure it globally with "testTimeout".[39m

node.exe : [31mΓÄ»ΓÄ»ΓÄ»ΓÄ»ΓÄ»ΓÄ»[1m[7m Failed Suites 1 
[27m[22mΓÄ»ΓÄ»ΓÄ»ΓÄ»ΓÄ»ΓÄ»ΓÄ»[39m
At line:1 char:1
+ & "C:\Program Files\nodejs/node.exe" "C:\Program Files\nodejs/node_mo ...
+ ~~~~~~~~~~~~~~~~~~~~~~~~~~~~~~~~~~~~~~~~~~~~~~~~~~~~~~~~~~~~~~~~~~~~~
    + CategoryInfo          : NotSpecified: ([31mΓÄ»ΓÄ»ΓÄ»Γ...»ΓÄ»ΓÄ»ΓÄ»[39m:String) [], R 
   emoteException
    + FullyQualifiedErrorId : NativeCommandError
 

[31m[1m[7m FAIL [27m[22m[39m src/__tests__/rag_endpoints.test.ts[2m [ 
src/__tests__/rag_endpoints.test.ts ][22m
[31m[1mError[22m: Hook timed out in 10000ms.
If this is a long-running hook, pass a timeout value as the last argument or configure it 
globally with "hookTimeout".[39m
[31m[2mΓÄ»ΓÄ»ΓÄ»ΓÄ»ΓÄ»ΓÄ»ΓÄ»ΓÄ»ΓÄ»ΓÄ»ΓÄ»ΓÄ»ΓÄ»ΓÄ»ΓÄ»ΓÄ»ΓÄ»ΓÄ»ΓÄ»ΓÄ»ΓÄ»ΓÄ»ΓÄ»[1/14]ΓÄ»[22m
[39m

[31mΓÄ»ΓÄ»ΓÄ»ΓÄ»ΓÄ»ΓÄ»[1m[7m Failed Tests 13 [27m[22mΓÄ»ΓÄ»ΓÄ»ΓÄ»ΓÄ»ΓÄ»ΓÄ»[39m

[31m[1m[7m FAIL [27m[22m[39m 
src/__tests__/batchScheduler-persistence-recovery.test.ts[2m > [22mBatchScheduler 
recovery[2m > [22mrecovers unfinished jobs as queued
[31m[1mError[22m: Cannot hold job in status running[39m
[36m [2mΓ¥»[22m BatchScheduler.hold src/scheduler/batchScheduler.ts:[2m104:64[22m[39m
    [90m102| [39m  [34mhold[39m(id[33m:[39m string) {
    [90m103| [39m    [35mconst[39m j [33m=[39m 
[35mthis[39m[33m.[39mjobs[33m.[39m[35mget[39m(id)[33m;[39m
    [90m104| [39m    [35mif[39m ([33m![39mj [33m||[39m 
[33m![39m[[32m"queued"[39m[33m,[39m 
[32m"blocked"[39m][33m.[39m[34mincludes[39m(j[33m.[39mstatus)) [35mthrow[39m 
[35mnew[39m [33mErr[39mΓÇª
    [90m   | [39m                                                               [31m^[39m
    [90m105| [39m    [35mthis[39m[33m.[39m[34mtransition[39m(j[33m,[39m 
[32m"held"[39m)[33m;[39m
    [90m106| [39m  }
[90m [2mΓ¥»[22m 
src/__tests__/batchScheduler-persistence-recovery.test.ts:[2m16:12[22m[39m

[31m[2mΓÄ»ΓÄ»ΓÄ»ΓÄ»ΓÄ»ΓÄ»ΓÄ»ΓÄ»ΓÄ»ΓÄ»ΓÄ»ΓÄ»ΓÄ»ΓÄ»ΓÄ»ΓÄ»ΓÄ»ΓÄ»ΓÄ»ΓÄ»ΓÄ»ΓÄ»ΓÄ»[2/14]ΓÄ»[22m
[39m

[31m[1m[7m FAIL [27m[22m[39m 
src/__tests__/batchScheduler-requeue-customComparator.test.ts[2m > [22mBatchScheduler 
requeue & custom comparator[2m > [22mrequeues failed job and uses custom comparator
[31m[1mAssertionError[22m: expected false to be true // Object.is equality[39m

[32m- Expected[39m
[31m+ Received[39m

[32m- true[39m
[31m+ false[39m

[36m [2mΓ¥»[22m 
src/__tests__/batchScheduler-requeue-customComparator.test.ts:[2m34:68[22m[39m
    [90m 32| [39m    sched[33m.[39m[34mrequeue[39m([32m"X"[39m[33m,[39m { 
priority[33m:[39m [34m9[39m })[33m;[39m
    [90m 33| [39m    [35mawait[39m [35mnew[39m [33mPromise[39m(r [33m=>[39m 
[34msetTimeout[39m(r[33m,[39m [34m300[39m))[33m;[39m
    [90m 34| [39m    [34mexpect[39m(sched[33m.[39m[34msnapshot[39m()[33m.[39msuccee
ded[33m.[39m[34msome[39m(j [33m=>[39m j[33m.[39mdef[33m.[39mid [33m===[39m 
[32m"X"[39m))[33m.[39m[34mtoB[39mΓÇª
    [90m   | [39m                                                                   
[31m^[39m
    [90m 35| [39m    sched[33m.[39m[34mstop[39m()[33m;[39m
    [90m 36| [39m  })[33m;[39m

[31m[2mΓÄ»ΓÄ»ΓÄ»ΓÄ»ΓÄ»ΓÄ»ΓÄ»ΓÄ»ΓÄ»ΓÄ»ΓÄ»ΓÄ»ΓÄ»ΓÄ»ΓÄ»ΓÄ»ΓÄ»ΓÄ»ΓÄ»ΓÄ»ΓÄ»ΓÄ»ΓÄ»[3/14]ΓÄ»[22m
[39m

[31m[1m[7m FAIL [27m[22m[39m src/__tests__/batchScheduler.test.ts[2m > 
[22mBatchScheduler retry and failure path[2m > [22mretries until maxRetries then fails
[31m[1mAssertionError[22m: expected undefined to be truthy[39m

[32m- Expected:[39m 
true

[31m+ Received:[39m 
undefined

[36m [2mΓ¥»[22m src/__tests__/batchScheduler.test.ts:[2m54:20[22m[39m
    [90m 52| [39m    [35mconst[39m snap [33m=[39m 
sched[33m.[39m[34msnapshot[39m()[33m;[39m
    [90m 53| [39m    [35mconst[39m failed [33m=[39m 
snap[33m.[39mfailed[33m.[39m[34mfind[39m(j [33m=>[39m j[33m.[39mdef[33m.[39mid 
[33m===[39m [32m"failJob"[39m)[33m;[39m
    [90m 54| [39m    [34mexpect[39m(failed)[33m.[39m[34mtoBeTruthy[39m()[33m;[39m
    [90m   | [39m                   [31m^[39m
    [90m 55| [39m    
[34mexpect[39m(attempts)[33m.[39m[34mtoBe[39m([34m3[39m)[33m;[39m [90m// initial 
+ 2 retries[39m
    [90m 56| [39m    sched[33m.[39m[34mstop[39m()[33m;[39m

[31m[2mΓÄ»ΓÄ»ΓÄ»ΓÄ»ΓÄ»ΓÄ»ΓÄ»ΓÄ»ΓÄ»ΓÄ»ΓÄ»ΓÄ»ΓÄ»ΓÄ»ΓÄ»ΓÄ»ΓÄ»ΓÄ»ΓÄ»ΓÄ»ΓÄ»ΓÄ»ΓÄ»[4/14]ΓÄ»[22m
[39m

[31m[1m[7m FAIL [27m[22m[39m src/__tests__/batchSchedulerLocks.test.ts[2m > 
[22mBatchScheduler resource locks[2m > [22mdefers job when resource tag locked by running 
job
[31m[1mAssertionError[22m: expected false to be true // Object.is equality[39m

[32m- Expected[39m
[31m+ Received[39m

[32m- true[39m
[31m+ false[39m

[36m [2mΓ¥»[22m src/__tests__/batchSchedulerLocks.test.ts:[2m24:38[22m[39m
    [90m 22| [39m    [35mconst[39m succeeded [33m=[39m 
snap[33m.[39msucceeded[33m.[39m[34mmap[39m(j [33m=>[39m 
j[33m.[39mdef[33m.[39mid)[33m;[39m
    [90m 23| [39m    [90m// Only first job should have succeeded after lock expiry[39m
    [90m 24| [39m    [34mexpect[39m(succeeded[33m.[39m[34mincludes[39m([32m"J1"[39m
))[33m.[39m[34mtoBe[39m([35mtrue[39m)[33m;[39m
    [90m   | [39m                                     [31m^[39m
    [90m 25| [39m    sched[33m.[39m[34mstop[39m()[33m;[39m
    [90m 26| [39m  })[33m;[39m

[31m[2mΓÄ»ΓÄ»ΓÄ»ΓÄ»ΓÄ»ΓÄ»ΓÄ»ΓÄ»ΓÄ»ΓÄ»ΓÄ»ΓÄ»ΓÄ»ΓÄ»ΓÄ»ΓÄ»ΓÄ»ΓÄ»ΓÄ»ΓÄ»ΓÄ»ΓÄ»ΓÄ»[5/14]ΓÄ»[22m
[39m

[31m[1m[7m FAIL [27m[22m[39m src/__tests__/circuitBreaker.test.ts[2m > 
[22mCircuitBreaker[2m > [22mopens after threshold and then half-opens
[31m[1mError[22m: Circuit open[39m
[36m [2mΓ¥»[22m CircuitBreaker.exec src/resilience/circuitBreaker.ts:[2m31:15[22m[39m
    [90m 29| [39m        [35mthis[39m[33m.[39msuccesses [33m=[39m 
[34m0[39m[33m;[39m
    [90m 30| [39m      } [35melse[39m {
    [90m 31| [39m        [35mthrow[39m [35mnew[39m [33mError[39m([32m"Circuit 
open"[39m)[33m;[39m
    [90m   | [39m              [31m^[39m
    [90m 32| [39m      }
    [90m 33| [39m    }
[90m [2mΓ¥»[22m src/__tests__/circuitBreaker.test.ts:[2m15:26[22m[39m

[31m[2mΓÄ»ΓÄ»ΓÄ»ΓÄ»ΓÄ»ΓÄ»ΓÄ»ΓÄ»ΓÄ»ΓÄ»ΓÄ»ΓÄ»ΓÄ»ΓÄ»ΓÄ»ΓÄ»ΓÄ»ΓÄ»ΓÄ»ΓÄ»ΓÄ»ΓÄ»ΓÄ»[6/14]ΓÄ»[22m
[39m

[31m[1m[7m FAIL [27m[22m[39m src/__tests__/diagnostics-extended.test.ts[2m > 
[22mDiagnostics extended snapshot[2m > [22mincludes batch and hash fields
[31m[1mAssertionError[22m: expected 0 to be greater than or equal to 1[39m
[36m [2mΓ¥»[22m src/__tests__/diagnostics-extended.test.ts:[2m48:39[22m[39m
    [90m 46| [39m    
[34mexpect[39m(snap[33m.[39mconfigHash)[33m.[39m[34mtoBeDefined[39m()[33m;[39m
    [90m 47| [39m    
[34mexpect[39m(snap[33m.[39mflagsHash)[33m.[39m[34mtoBeDefined[39m()[33m;[39m
    [90m 48| [39m    [34mexpect[39m(snap[33m.[39mbatch[33m?.[39mcounts[33m.[39mqueu
ed)[33m.[39m[34mtoBeGreaterThanOrEqual[39m([34m1[39m)[33m;[39m
    [90m   | [39m                                      [31m^[39m
    [90m 49| [39m    batch[33m.[39m[34mstop[39m()[33m;[39m
    [90m 50| [39m  })[33m;[39m

[31m[2mΓÄ»ΓÄ»ΓÄ»ΓÄ»ΓÄ»ΓÄ»ΓÄ»ΓÄ»ΓÄ»ΓÄ»ΓÄ»ΓÄ»ΓÄ»ΓÄ»ΓÄ»ΓÄ»ΓÄ»ΓÄ»ΓÄ»ΓÄ»ΓÄ»ΓÄ»ΓÄ»[7/14]ΓÄ»[22m
[39m

[31m[1m[7m FAIL [27m[22m[39m src/__tests__/instrumentedOpsServer.test.ts[2m > 
[22mrecords 404 route metrics
[31m[1mTypeError[22m: Cannot read properties of undefined (reading 'path')[39m
[36m [2mΓ¥»[22m src/__tests__/instrumentedOpsServer.test.ts:[2m75:57[22m[39m
    [90m 73| [39m  [35mconst[39m snap [33m=[39m 
meter[33m.[39m[34msnapshot[39m()[33m;[39m
    [90m 74| [39m  [35mconst[39m notFoundCounter [33m=[39m 
snap[33m.[39mcounters[33m.[39m[34mfind[39m(
    [90m 75| [39m    (c) [33m=>[39m c[33m.[39mname [33m===[39m 
[32m"http_requests_total"[39m [33m&&[39m c[33m.[39mlabels[33m.[39mpath [33m===[39m 
[32m"GET [39mΓÇª
    [90m   | [39m                                                        [31m^[39m
    [90m 76| [39m  )[33m;[39m
    [90m 77| [39m  
[34mexpect[39m(notFoundCounter)[33m.[39m[34mtoBeTruthy[39m()[33m;[39m
[90m [2mΓ¥»[22m src/__tests__/instrumentedOpsServer.test.ts:[2m74:41[22m[39m

[31m[2mΓÄ»ΓÄ»ΓÄ»ΓÄ»ΓÄ»ΓÄ»ΓÄ»ΓÄ»ΓÄ»ΓÄ»ΓÄ»ΓÄ»ΓÄ»ΓÄ»ΓÄ»ΓÄ»ΓÄ»ΓÄ»ΓÄ»ΓÄ»ΓÄ»ΓÄ»ΓÄ»[8/14]ΓÄ»[22m
[39m

[31m[1m[7m FAIL [27m[22m[39m src/__tests__/opsRoutesDemo.test.ts[2m > [22mPOST 
/ops/batch cancel jobA succeeds
[31m[1mAssertionError[22m: expected 0 to be greater than 0[39m
[36m [2mΓ¥»[22m src/__tests__/opsRoutesDemo.test.ts:[2m124:33[22m[39m
    [90m122| [39m
    [90m123| [39m  [35mconst[39m snap [33m=[39m [35mawait[39m [34mfetch[39m([32m`
[39m[36m${[39mbase[36m}[39m[32m/ops/batch`[39m)[33m.[39m[34mthen[39m((x) 
[33m=>[39m x[33m.[39m[34mjson[39m())[33m;[39m
    [90m124| [39m  [34mexpect[39m(snap[33m.[39mcounts[33m.[39mcancelled)[33m.[39m[
34mtoBeGreaterThan[39m([34m0[39m)[33m;[39m
    [90m   | [39m                                [31m^[39m
    [90m125| [39m})[33m;[39m
    [90m126| [39m

[31m[2mΓÄ»ΓÄ»ΓÄ»ΓÄ»ΓÄ»ΓÄ»ΓÄ»ΓÄ»ΓÄ»ΓÄ»ΓÄ»ΓÄ»ΓÄ»ΓÄ»ΓÄ»ΓÄ»ΓÄ»ΓÄ»ΓÄ»ΓÄ»ΓÄ»ΓÄ»ΓÄ»[9/14]ΓÄ»[22m
[39m

[31m[1m[7m FAIL [27m[22m[39m src/__tests__/opsRoutesRequeue.test.ts[2m > [22mFailed 
job can be requeued with higher priority
[31m[1mAssertionError[22m: expected false to be true // Object.is equality[39m

[32m- Expected[39m
[31m+ Received[39m

[32m- true[39m
[31m+ false[39m

[36m [2mΓ¥»[22m src/__tests__/opsRoutesRequeue.test.ts:[2m91:65[22m[39m
    [90m 89| [39m  [35mawait[39m [35mnew[39m [33mPromise[39m((r) [33m=>[39m 
[34msetTimeout[39m(r[33m,[39m [34m400[39m))[33m;[39m
    [90m 90| [39m  [35mconst[39m snap2 [33m=[39m [35mawait[39m [34mfetch[39m([32m`
[39m[36m${[39mbase[36m}[39m[32m/ops/batch`[39m)[33m.[39m[34mthen[39m((r) 
[33m=>[39m r[33m.[39m[34mjson[39m())[33m;[39m
    [90m 91| [39m  
[34mexpect[39m(snap2[33m.[39msucceeded[33m.[39m[34msome[39m((j[33m:[39m any) 
[33m=>[39m j[33m.[39mid [33m===[39m 
[32m"original"[39m))[33m.[39m[34mtoBe[39m([35mt[39mΓÇª
[31mΓÄ»ΓÄ»ΓÄ»ΓÄ»ΓÄ»ΓÄ»[1m[7m Unhandled Errors [27m[22mΓÄ»ΓÄ»ΓÄ»ΓÄ»ΓÄ»ΓÄ»[39m
[31m[1m
Vitest caught 1 unhandled error during the test run.
This might cause false positive tests. Resolve unhandled errors to make sure your tests are not affected.[22m[39m
[31mΓÄ»ΓÄ»ΓÄ»ΓÄ»ΓÄ»ΓÄ»ΓÄ»ΓÄ»ΓÄ»ΓÄ»ΓÄ»ΓÄ»ΓÄ»ΓÄ»ΓÄ»ΓÄ»ΓÄ»ΓÄ»ΓÄ»ΓÄ»ΓÄ»ΓÄ»ΓÄ»ΓÄ»ΓÄ»ΓÄ»ΓÄ»ΓÄ»ΓÄ»ΓÄ»[39m
    [90m   | [39m                                                                
[31m^[39m
    [90m 92| [39m  [90m// Confirm priority override reflected in succeeded summary[39m
    [90m 93| [39m  [35mconst[39m succeededJob [33m=[39m 
snap2[33m.[39msucceeded[33m.[39m[34mfind[39m((j[33m:[39m any) [33m=>[39m 
j[33m.[39mid [33m===[39m [32m"orig[39mΓÇª

[31m[2mΓÄ»ΓÄ»ΓÄ»ΓÄ»ΓÄ»ΓÄ»ΓÄ»ΓÄ»ΓÄ»ΓÄ»ΓÄ»ΓÄ»ΓÄ»ΓÄ»ΓÄ»ΓÄ»ΓÄ»ΓÄ»ΓÄ»ΓÄ»ΓÄ»ΓÄ»[10/14]ΓÄ»[22m[3
9m

[31m[1m[7m FAIL [27m[22m[39m src/__tests__/opsRoutesRequeueEdge.test.ts[2m > 
[22mrequeue fails if job not terminal
[31m[1mAssertionError[22m: expected 200 to be 400 // Object.is equality[39m

[32m- Expected[39m
[31m+ Received[39m

[32m- 400[39m
[31m+ 200[39m

[36m [2mΓ¥»[22m src/__tests__/opsRoutesRequeueEdge.test.ts:[2m61:20[22m[39m
    [90m 59| [39m    body[33m:[39m [33mJSON[39m[33m.[39m[34mstringify[39m({ 
id[33m:[39m [32m"terminal"[39m[33m,[39m action[33m:[39m [32m"requeue"[39m })
    [90m 60| [39m  })[33m;[39m
    [90m 61| [39m  
[34mexpect[39m(r[33m.[39mstatus)[33m.[39m[34mtoBe[39m([34m400[39m)[33m;[39m
    [90m   | [39m                   [31m^[39m
    [90m 62| [39m  [35mconst[39m body [33m=[39m [35mawait[39m 
r[33m.[39m[34mjson[39m()[33m;[39m
    [90m 63| [39m  
[34mexpect[39m(body[33m.[39merror)[33m.[39m[34mtoMatch[39m([36m/terminal 
job/i[39m)[33m;[39m

[31m[2mΓÄ»ΓÄ»ΓÄ»ΓÄ»ΓÄ»ΓÄ»ΓÄ»ΓÄ»ΓÄ»ΓÄ»ΓÄ»ΓÄ»ΓÄ»ΓÄ»ΓÄ»ΓÄ»ΓÄ»ΓÄ»ΓÄ»ΓÄ»ΓÄ»ΓÄ»[11/14]ΓÄ»[22m[3
9m

[31m[1m[7m FAIL [27m[22m[39m src/__tests__/ragIngestionPipeline.test.ts[2m > [22mRAG 
ingestion pipeline[2m > [22msubmits phase jobs
[31m[1mAssertionError[22m: expected 0 to be greater than 0[39m
[36m [2mΓ¥»[22m src/__tests__/ragIngestionPipeline.test.ts:[2m15:32[22m[39m
    [90m 13| [39m    [34msubmitRagIngestion[39m(sched[33m,[39m { docIds[33m:[39m 
[[32m"d1"[39m[33m,[39m [32m"d2"[39m] }[33m,[39m [34m6[39m)[33m;[39m
    [90m 14| [39m    [35mconst[39m snap [33m=[39m 
sched[33m.[39m[34msnapshot[39m()[33m;[39m
    [90m 15| [39m    [34mexpect[39m(snap[33m.[39mqueued[33m.[39mlength)[33m.[39m[3
4mtoBeGreaterThan[39m([34m0[39m)[33m;[39m
    [90m   | [39m                               [31m^[39m
    [90m 16| [39m    sched[33m.[39m[34mstop[39m()[33m;[39m
    [90m 17| [39m  })[33m;[39m

[31m[2mΓÄ»ΓÄ»ΓÄ»ΓÄ»ΓÄ»ΓÄ»ΓÄ»ΓÄ»ΓÄ»ΓÄ»ΓÄ»ΓÄ»ΓÄ»ΓÄ»ΓÄ»ΓÄ»ΓÄ»ΓÄ»ΓÄ»ΓÄ»ΓÄ»ΓÄ»[12/14]ΓÄ»[22m[3
9m

[31m[1m[7m FAIL [27m[22m[39m src/__tests__/rag_endpoints.test.ts[2m > [22mPOST 
/rag/ingest and GET status
[31m[1mError[22m: Test timed out in 5000ms.
If this is a long-running test, pass a timeout value as the last argument or configure it 
globally with "testTimeout".[39m
[31m[2mΓÄ»ΓÄ»ΓÄ»ΓÄ»ΓÄ»ΓÄ»ΓÄ»ΓÄ»ΓÄ»ΓÄ»ΓÄ»ΓÄ»ΓÄ»ΓÄ»ΓÄ»ΓÄ»ΓÄ»ΓÄ»ΓÄ»ΓÄ»ΓÄ»ΓÄ»[13/14]ΓÄ»[22m[3
9m

[31m[1m[7m FAIL [27m[22m[39m src/__tests__/rag_ingestion_rollback.test.ts[2m > 
[22mRAG ingestion rollback[2m > [22mtriggers rollback on index phase failure
[31m[1mAssertionError[22m: expected 0 to be greater than 0[39m
[36m [2mΓ¥»[22m src/__tests__/rag_ingestion_rollback.test.ts:[2m48:27[22m[39m
    [90m 46| [39m    [35mconst[39m rollback [33m=[39m 
scheduler[33m.[39m[34msnapshot[39m()[33m.[39msucceeded[33m.[39m[34mfind[39m((j) 
[33m=>[39m j[33m.[39mdef[33m.[39mΓÇª
    [90m 47| [39m    [90m// We added rollback phase in orchestrator on failure; confirm 
pre[39mΓÇª
    [90m 48| [39m    [34mexpect[39m(failed[33m.[39mlength)[33m.[39m[34mtoBeGreaterTh
an[39m([34m0[39m)[33m;[39m
    [90m   | [39m                          [31m^[39m
    [90m 49| [39m    
[34mexpect[39m(rollback)[33m.[39m[34mtoBeDefined[39m()[33m;[39m
    [90m 50| [39m    scheduler[33m.[39m[34mstop[39m()[33m;[39m

[31m[2mΓÄ»ΓÄ»ΓÄ»ΓÄ»ΓÄ»ΓÄ»ΓÄ»ΓÄ»ΓÄ»ΓÄ»ΓÄ»ΓÄ»ΓÄ»ΓÄ»ΓÄ»ΓÄ»ΓÄ»ΓÄ»ΓÄ»ΓÄ»ΓÄ»ΓÄ»[14/14]ΓÄ»[22m[3
9m


[31mΓÄ»ΓÄ»ΓÄ»ΓÄ»[1m[7m Unhandled Rejection [27m[22mΓÄ»ΓÄ»ΓÄ»ΓÄ»ΓÄ»[39m
[31m[1mTypeError[22m: this.registry.status is not a function[39m
[36m [2mΓ¥»[22m RagApiRouter.handle src/rag/api/router.ts:[2m36:44[22m[39m
    [90m 34| [39m      [35mconst[39m id [33m=[39m 
url[33m.[39m[34msplit[39m([32m"/"[39m)[[34m3[39m][33m;[39m
    [90m 35| [39m      
res[33m.[39m[34msetHeader[39m([32m"content-type"[39m[33m,[39m 
[32m"application/json"[39m)[33m;[39m
    [90m 36| [39m      res[33m.[39m[34mend[39m([33mJSON[39m[33m.[39m[34mstringify
[39m([35mthis[39m[33m.[39mregistry[33m.[39m[34mstatus[39m(id)))[33m;[39m
    [90m   | [39m                                           [31m^[39m
    [90m 37| [39m      [35mreturn[39m[33m;[39m
    [90m 38| [39m    }
[90m [2mΓ¥»[22m Server.<anonymous> src/__tests__/rag_endpoints.test.ts:[2m41:51[22m[39m
[90m [2mΓ¥»[22m Server.emit node:events:[2m508:28[22m[39m
[90m [2mΓ¥»[22m parserOnIncoming node:_http_server:[2m1186:12[22m[39m
[90m [2mΓ¥»[22m HTTPParser.parserOnHeadersComplete node:_http_common:[2m122:17[22m[39m

[2m Test Files [22m [1m[31m13 failed[39m[22m[2m | [22m[1m[32m33 passed[39m[22m[90m (46)[39m
[2m      Tests [22m [1m[31m13 failed[39m[22m[2m | [22m[1m[32m65 passed[39m[22m[90m (78)[39m
[2m     Errors [22m [1m[31m1 error[39m[22m
[2m   Start at [22m 22:15:11
[2m   Duration [22m 16.52s[2m (transform 1.69s, setup 0ms, collect 5.31s, tests 31.68s, environment 11ms, prepare 16.18s)[22m

[31mThis error originated in "[1msrc/__tests__/rag_endpoints.test.ts[22m" test file. It 
doesn't mean the error was thrown inside the file itself, but while it was running.[39m
[31mThe latest test that might've caused the error is "[1mPOST /rag/ingest and GET 
status[22m". It might mean one of the following:
- The error was thrown, while Vitest was running this test.
- If the error occurred after the test had been completed, this was the last documented test 
before it was thrown.[39m

